{
  "version": "1.5.0",
  "plugins_used": [
    {
      "name": "ArtifactoryDetector"
    },
    {
      "name": "AWSKeyDetector"
    },
    {
      "name": "AzureStorageKeyDetector"
    },
    {
      "name": "Base64HighEntropyString",
      "limit": 4.5
    },
    {
      "name": "BasicAuthDetector"
    },
    {
      "name": "CloudantDetector"
    },
    {
      "name": "DiscordBotTokenDetector"
    },
    {
      "name": "GitHubTokenDetector"
    },
    {
      "name": "GitLabTokenDetector"
    },
    {
      "name": "HexHighEntropyString",
      "limit": 3.0
    },
    {
      "name": "IbmCloudIamDetector"
    },
    {
      "name": "IbmCosHmacDetector"
    },
    {
      "name": "IPPublicDetector"
    },
    {
      "name": "JwtTokenDetector"
    },
    {
      "name": "KeywordDetector",
      "keyword_exclude": ""
    },
    {
      "name": "MailchimpDetector"
    },
    {
      "name": "NpmDetector"
    },
    {
      "name": "OpenAIDetector"
    },
    {
      "name": "PrivateKeyDetector"
    },
    {
      "name": "PypiTokenDetector"
    },
    {
      "name": "SendGridDetector"
    },
    {
      "name": "SlackDetector"
    },
    {
      "name": "SoftlayerDetector"
    },
    {
      "name": "SquareOAuthDetector"
    },
    {
      "name": "StripeDetector"
    },
    {
      "name": "TelegramBotTokenDetector"
    },
    {
      "name": "TwilioKeyDetector"
    }
  ],
  "filters_used": [
    {
      "path": "detect_secrets.filters.allowlist.is_line_allowlisted"
    },
    {
      "path": "detect_secrets.filters.common.is_baseline_file",
      "filename": ".secrets.baseline"
    },
    {
      "path": "detect_secrets.filters.heuristic.is_indirect_reference"
    },
    {
      "path": "detect_secrets.filters.heuristic.is_likely_id_string"
    },
    {
      "path": "detect_secrets.filters.heuristic.is_lock_file"
    },
    {
      "path": "detect_secrets.filters.heuristic.is_not_alphanumeric_string"
    },
    {
      "path": "detect_secrets.filters.heuristic.is_potential_uuid"
    },
    {
      "path": "detect_secrets.filters.heuristic.is_prefixed_with_dollar_sign"
    },
    {
      "path": "detect_secrets.filters.heuristic.is_sequential_string"
    },
    {
      "path": "detect_secrets.filters.heuristic.is_swagger_file"
    },
    {
      "path": "detect_secrets.filters.heuristic.is_templated_secret"
    }
  ],
  "results": {
    "fixtures/exports/daily_brief.valid.json": [
      {
        "type": "Hex High Entropy String",
        "filename": "fixtures/exports/daily_brief.valid.json",
        "hashed_secret": "3e179c396414c503138a55551afed11d310fb3f1",
        "is_verified": false,
        "line_number": 168,
        "is_secret": false
      },
      {
        "type": "Hex High Entropy String",
        "filename": "fixtures/exports/daily_brief.valid.json",
        "hashed_secret": "646b06ad0d3ad47a4d98a7e758fea334bfd9f299",
        "is_verified": false,
        "line_number": 169,
        "is_secret": false
      },
      {
        "type": "Hex High Entropy String",
        "filename": "fixtures/exports/daily_brief.valid.json",
        "hashed_secret": "2bab853fa486f236ac33c875c8785472a9b8402d",
        "is_verified": false,
        "line_number": 341,
        "is_secret": false
      }
    ],
    "test_editorial_ticker_tiers.py": [
      {
        "type": "Hex High Entropy String",
        "filename": "test_editorial_ticker_tiers.py",
        "hashed_secret": "32f767cba1e7b1b565bfcbe964b2d05733b30b51",
        "is_verified": false,
        "line_number": 57,
        "is_secret": false
      }
    ],
    "test_headline_providers.py": [
      {
        "type": "Secret Keyword",
        "filename": "test_headline_providers.py",
        "hashed_secret": "46e9122567abad042837c395bc98095a6cd417b3",
        "is_verified": false,
        "line_number": 237,
        "is_secret": false
      },
      {
        "type": "Secret Keyword",
        "filename": "test_headline_providers.py",
        "hashed_secret": "02c645e7dbd9e55aab99db15f605ffde3b8bb69f",
        "is_verified": false,
        "line_number": 290,
        "is_secret": false
      }
    ],
    "test_headlines_relevance.py": [
      {
        "type": "Secret Keyword",
        "filename": "test_headlines_relevance.py",
        "hashed_secret": "99091d046a81493ef2545d8c3cd8e881e8702893",
        "is_verified": false,
        "line_number": 371,
        "is_secret": false
      }
    ]
  },
  "generated_at": "2026-08-20T14:33:38Z"
}
